// 重构日志: aafebc90
// 重构日志: 6c90fc57
// 重构日志: 6107e56a
// 同步 ID: 619ecec8 @ Sat Jul 18 15:33:05 UTC 2026
// 重构日志: 18695850
// 重构日志: 3550217b
// 同步 ID: 695b6a3c @ Sun Jul 19 09:35:51 UTC 2026
// 重构日志: 5324f131
// 同步 ID: efd360c4 @ Sun Jul 19 16:01:31 UTC 2026
// 重构日志: 525e2807
// 同步 ID: 93d78342 @ Tue Jul 21 22:35:30 UTC 2026
// 重构日志: fdc554f1
// 重构日志: 0ef47022
// 重构日志: 5f03f61a
// 同步 ID: ac23e861 @ Thu Jul 23 00:50:11 UTC 2026
// 同步 ID: 5fde0ec9 @ Sat Jul 25 12:16:44 UTC 2026
// 重构日志: 6c695c1d
// 重构日志: 17f35635
// 重构日志: dab1922b
// 重构日志: 3b150d49
// 同步 ID: f48cee8f @ Mon Jul 27 04:40:07 UTC 2026
// 重构日志: 535f4f21
// 同步 ID: 11f57517 @ Thu Jul 30 07:09:14 UTC 2026
// 同步 ID: 3a187e04 @ Thu Jul 30 16:59:33 UTC 2026
// 同步 ID: c1737d5a @ Fri Jul 31 09:05:17 UTC 2026
// 同步 ID: eb139384 @ Fri Jul 31 13:46:55 UTC 2026
// 重构日志: f8d3b885
// 重构日志: 4b6b6380
// 重构日志: a340afa3
// 同步 ID: 85de40be @ Sun Aug  2 09:39:31 UTC 2026
// 重构日志: e8833310
// 重构日志: a8a10dd8
